// Jest Snapshot v1, https://goo.gl/fbAQLP

exports[`should redirect when no expense given 1`] = `
<Redirect
  push={false}
  to="/dashboard"
/>
`;

exports[`should render EditExpensePage correctly 1`] = `
<div>
  <div
    className="page-header"
  >
    <div
      className="content-container"
    >
      <h1
        className="page-header__title"
      >
        Edit Expense
      </h1>
    </div>
  </div>
  <div
    className="content-container"
  >
    <ExpenseForm
      expense={
        Expense {
          "amount": 1000,
          "createdAt": 1483228800000,
          "description": "abc",
          "id": "1",
          "note": "",
        }
      }
      onSubmit={[Function]}
    />
    <button
      className="button button--secondary"
      onClick={[Function]}
    >
      Delete
    </button>
  </div>
</div>
`;
